// Jest Snapshot v1, https://goo.gl/fbAQLP

exports[`Should match snapshot 1`] = `
<div
  className="container "
>
  <div
    className="container__sidebar"
  >
    <div
      className="__react_component_tooltip t00000000-0000-4000-8000-000000000000 place-top type-dark"
      data-id="tooltip"
      id="catGenerator"
    >
      <style
        aria-hidden="true"
        dangerouslySetInnerHTML={
          Object {
            "__html": "
  	.t00000000-0000-4000-8000-000000000000 {
	    color: #fff;
	    background: #222;
	    border: 1px solid transparent;
  	}

  	.t00000000-0000-4000-8000-000000000000.place-top {
        margin-top: -10px;
    }
    .t00000000-0000-4000-8000-000000000000.place-top::before {
        border-top: 8px solid transparent;
    }
    .t00000000-0000-4000-8000-000000000000.place-top::after {
        border-left: 8px solid transparent;
        border-right: 8px solid transparent;
        bottom: -6px;
        left: 50%;
        margin-left: -8px;
        border-top-color: #222;
        border-top-style: solid;
        border-top-width: 6px;
    }

    .t00000000-0000-4000-8000-000000000000.place-bottom {
        margin-top: 10px;
    }
    .t00000000-0000-4000-8000-000000000000.place-bottom::before {
        border-bottom: 8px solid transparent;
    }
    .t00000000-0000-4000-8000-000000000000.place-bottom::after {
        border-left: 8px solid transparent;
        border-right: 8px solid transparent;
        top: -6px;
        left: 50%;
        margin-left: -8px;
        border-bottom-color: #222;
        border-bottom-style: solid;
        border-bottom-width: 6px;
    }

    .t00000000-0000-4000-8000-000000000000.place-left {
        margin-left: -10px;
    }
    .t00000000-0000-4000-8000-000000000000.place-left::before {
        border-left: 8px solid transparent;
    }
    .t00000000-0000-4000-8000-000000000000.place-left::after {
        border-top: 5px solid transparent;
        border-bottom: 5px solid transparent;
        right: -6px;
        top: 50%;
        margin-top: -4px;
        border-left-color: #222;
        border-left-style: solid;
        border-left-width: 6px;
    }

    .t00000000-0000-4000-8000-000000000000.place-right {
        margin-left: 10px;
    }
    .t00000000-0000-4000-8000-000000000000.place-right::before {
        border-right: 8px solid transparent;
    }
    .t00000000-0000-4000-8000-000000000000.place-right::after {
        border-top: 5px solid transparent;
        border-bottom: 5px solid transparent;
        left: -6px;
        top: 50%;
        margin-top: -4px;
        border-right-color: #222;
        border-right-style: solid;
        border-right-width: 6px;
    }
  ",
          }
        }
      />
      <div
        className="gatsby-image-wrapper gatsby-image-wrapper-constrained"
        data-gatsby-image-wrapper=""
        style={
          Object {
            "backgroundColor": undefined,
            "borderRadius": "7px",
            "display": "inline-block",
            "overflow": "hidden",
            "position": "relative",
            "verticalAlign": "top",
            "zIndex": 2,
          }
        }
      >
        <div
          style={
            Object {
              "display": "block",
              "maxWidth": 149,
            }
          }
        >
          <img
            alt=""
            aria-hidden="true"
            role="presentation"
            src="data:image/svg+xml;charset=utf-8,%3Csvg height='169' width='149' xmlns='http://www.w3.org/2000/svg' version='1.1'%3E%3C/svg%3E"
            style={
              Object {
                "display": "block",
                "maxWidth": "100%",
                "position": "static",
              }
            }
          />
        </div>
        <img
          alt=""
          aria-hidden={true}
          data-placeholder-image=""
          decoding="async"
          src="data:image/png;base64,iVBORw0KGgoAAAANSUhEUgAAABMAAAAWCAYAAAAinad/AAAAAXNSR0IArs4c6QAABKhJREFUOE99lDuM3FcVxn/n3vuf/7w865nd9Xof2FkbP5TgTRA2FEFOAQ0gqKGhTaIoUERQ4WgKoEmkRCIFEqKDkgKKhAaQsQgKBRAIAjt+LOvN+jG7OzuzM//H/O+9h8KGgiJfc07xfTqf9Ok7AvCT1763Xpb5J8TYBRG1DqIPsZ0mjfV6vbYsIud8COM8z/bR6t0IB9bXRmi1Wkn8MZL89KVXX3tR3vrBd15KiG8BGIEYAwAiQoyREAIheKxxVDrjwD+kZdtsvr9Pag3jo0txd1qaZ9YXf+bw1deTeo3JNJu1mh3TbrdABBFR55xYm4ARg4qWVU6+Y2Kr1ZGz55bFGqMPUAl7I1pJuOTESCfLMk6dedLWe3W7P33IfLfL4XhKiJFWJyX6SC1xYOocXW9bX3hKZvSOdPl87Xj84E/vsn8w7jiidrxXeksL8t71t7l3cI8zT5zgo60BkyJnrtug47oszh1jkG+TVTmzw8CUgk6twcb6F8WlbSq/V3eKqoihCiUotBodEtugnrYoQ2Rt8SznT16i213m3uA2RXVIKGYcjAdsD25ShUJrSSKC7jmBqSpYl6gxgmpEieTllE46xxG3TG9hBWNrJOJYWbtAWp/jwc4NHu5vofooNBGDEZE0xsg0m0hZzTBiKH1gfn6N86cvEoPH+8hw7y7D4YB33v4Fe7vbrJ18ioWF08z8DGsdihqj0A1RESPig6fXnmNlfpVZmdFbXCWtJ/zxD79iejilmnm2t7fI80NQxboGqqizDlTHJkJHEEo/k+FkRFZVDKf7DPZ2+PP7V7mw8SyffOoU7V6N5bXjPP/Cd1lcOkmMgaLYp5m2UFUUDQZUjQggxAiD/QG3b23R1mPc2fwnv732SyQGbn30DkmaUpQlZT7h7s4Nrt/5G84mgCJiZg7wGE0TGjrLgpRFhrQdK90F5hfPsnt/k06zxNglbvz9r/iQk7gao+kh93d28U8GDCBgjEF2H9XHqDMJ1lqGkyHRVfSOdLj46ctsPP1VFpeXOb56GhFDjJF2o0UjbTKaDIkxgkjHGJE91UDwQUEpyhxV5cbmhxQh8sTppynykrvXt3hw/ybGWEL0GAEryuF0hLGWqFGMqgRrhN7RBTbOf5Zj8yusLp2k3eoSTJPEpQC0W0uICs7WqCV1RJpsnPscF85cFFVFlLZTtC4CRT7ly899g8uf+QoiggBRFT8pmUt7PPOpLxCDByBqILEp9bSBcVZ+d+s2GNN0YsyWEbkwGR+odZZGo6nWWgVQVeER9PFfUo0REUOIFXmeMZmOwmQyrlnrMue9H/SOznHn5nWKooiIMaoq/3MHGBGpqhm+mmEE6mmdoiyYjA8wBNtMa2SZbLqA+flwkj2rPpz494f/cD7GHGVkROoIJgY1CJkIM2CI6kRUVIzpOGdHJnHv5Vn5QZGXvxeA17//yuV5Z69ms6qyrfal57/2zX9d+8u1DsDMB7N24lh2bnWjkvX1go+BAPzo1W/dajbTU5PKf+nbV9749ccJ+v2+eTxjv983z4EBuAqRN6+8/MabV17+zes/fOX8Y5IDRFVFVaXf7xtVFX10+L+B8H87AP8B+ZdT6Q8bUo0AAAAASUVORK5CYII="
          style={
            Object {
              "height": "100%",
              "left": 0,
              "position": "absolute",
              "top": 0,
              "width": "100%",
            }
          }
        />
        <img
          alt="cat image"
          data-gatsby-image-ssr=""
          data-main-image=""
          data-src="https://www.datocms-assets.com/23328/1601060463-8.png?auto=format&dpr=0.57&w=265"
          data-srcset="https://www.datocms-assets.com/23328/1601060463-8.png?auto=format&dpr=0.14&w=265 37w,https://www.datocms-assets.com/23328/1601060463-8.png?auto=format&dpr=0.29&w=265 75w,https://www.datocms-assets.com/23328/1601060463-8.png?auto=format&dpr=0.57&w=265 149w"
          decoding="async"
          loading="lazy"
          onLoad={[Function]}
          sizes="(min-width: 149px) 149px, 100vw"
          style={
            Object {
              "backgroundColor": undefined,
              "height": "100%",
              "left": 0,
              "objectFit": undefined,
              "objectPosition": undefined,
              "opacity": 0,
              "position": "absolute",
              "top": 0,
              "transform": "translateZ(0)",
              "transition": "opacity 250ms linear",
              "width": "100%",
              "willChange": "opacity",
            }
          }
        />
        <noscript>
          <img
            alt="cat image"
            data-gatsby-image-ssr=""
            data-main-image=""
            decoding="async"
            loading="lazy"
            onLoad={[Function]}
            sizes="(min-width: 149px) 149px, 100vw"
            src="https://www.datocms-assets.com/23328/1601060463-8.png?auto=format&dpr=0.57&w=265"
            srcSet="https://www.datocms-assets.com/23328/1601060463-8.png?auto=format&dpr=0.14&w=265 37w,https://www.datocms-assets.com/23328/1601060463-8.png?auto=format&dpr=0.29&w=265 75w,https://www.datocms-assets.com/23328/1601060463-8.png?auto=format&dpr=0.57&w=265 149w"
            style={
              Object {
                "backgroundColor": undefined,
                "height": "100%",
                "left": 0,
                "objectFit": undefined,
                "objectPosition": undefined,
                "opacity": 0,
                "position": "absolute",
                "top": 0,
                "transform": "translateZ(0)",
                "transition": "opacity 250ms linear",
                "width": "100%",
                "willChange": "opacity",
              }
            }
          />
        </noscript>
        <script
          dangerouslySetInnerHTML={
            Object {
              "__html": "const t=\\"undefined\\"!=typeof HTMLImageElement&&\\"loading\\"in HTMLImageElement.prototype;if(t){const t=document.querySelectorAll(\\"img[data-main-image]\\");for(let e of t){e.dataset.src&&(e.setAttribute(\\"src\\",e.dataset.src),e.removeAttribute(\\"data-src\\")),e.dataset.srcset&&(e.setAttribute(\\"srcset\\",e.dataset.srcset),e.removeAttribute(\\"data-srcset\\"));const t=e.parentNode.querySelectorAll(\\"source[data-srcset]\\");for(let e of t)e.setAttribute(\\"srcset\\",e.dataset.srcset),e.removeAttribute(\\"data-srcset\\");e.complete&&(e.style.opacity=1)}}",
            }
          }
          type="module"
        />
      </div>
    </div>
    <div
      className="sidebar"
      style={
        Object {
          "backgroundImage": "url(https://www.datocms-assets.com/23328/1594784357-sidebarbg.png?auto=format)",
        }
      }
    >
      <h6
        className="sidebar__title"
        style={
          Object {
            "fontFamily": "Montserrat",
          }
        }
      >
        <a
          href="/"
        >
          laura norwood
        </a>
      </h6>
      <div
        className="sidebar__intro"
        dangerouslySetInnerHTML={
          Object {
            "__html": "<p>visdev • bg painting • illustration</p>",
          }
        }
      />
      <ul
        className="sidebar__menu"
      >
        <li>
          <a
            href="/"
          >
            bg & illustration
          </a>
        </li>
        <li>
          <a
            href="/sketchbook"
          >
            sketchbook
          </a>
        </li>
        <li>
          <a
            href="/about"
          >
            about & contact
          </a>
        </li>
      </ul>
      <div
        className="centered"
      >
        <a
          className="social grow"
          href="https://twitter.com/Treatscraft"
          rel="noreferrer"
          style={
            Object {
              "cursor": "pointer",
            }
          }
          target="_blank"
        >
          <div
            className="gatsby-image-wrapper gatsby-image-wrapper-constrained"
            data-gatsby-image-wrapper=""
            style={
              Object {
                "backgroundColor": undefined,
                "display": "inline-block",
                "overflow": "hidden",
                "position": "relative",
                "verticalAlign": "top",
              }
            }
          >
            <div
              style={
                Object {
                  "display": "block",
                  "maxWidth": 60,
                }
              }
            >
              <img
                alt=""
                aria-hidden="true"
                role="presentation"
                src="data:image/svg+xml;charset=utf-8,%3Csvg height='57' width='60' xmlns='http://www.w3.org/2000/svg' version='1.1'%3E%3C/svg%3E"
                style={
                  Object {
                    "display": "block",
                    "maxWidth": "100%",
                    "position": "static",
                  }
                }
              />
            </div>
            <div
              aria-hidden={true}
              data-placeholder-image=""
              style={
                Object {
                  "height": "100%",
                  "left": 0,
                  "position": "absolute",
                  "top": 0,
                  "width": "100%",
                }
              }
            />
            <img
              alt="Twitter"
              data-gatsby-image-ssr=""
              data-main-image=""
              data-src="https://www.datocms-assets.com/23328/1595107438-twitter.png?auto=format&dpr=0.29&w=208"
              data-srcset="https://www.datocms-assets.com/23328/1595107438-twitter.png?auto=format&dpr=0.08&w=208 15w,https://www.datocms-assets.com/23328/1595107438-twitter.png?auto=format&dpr=0.15&w=208 30w,https://www.datocms-assets.com/23328/1595107438-twitter.png?auto=format&dpr=0.29&w=208 60w,https://www.datocms-assets.com/23328/1595107438-twitter.png?auto=format&dpr=0.58&w=208 120w"
              decoding="async"
              loading="lazy"
              onLoad={[Function]}
              sizes="(min-width: 60px) 60px, 100vw"
              style={
                Object {
                  "backgroundColor": undefined,
                  "height": "100%",
                  "left": 0,
                  "objectFit": undefined,
                  "objectPosition": undefined,
                  "opacity": 0,
                  "position": "absolute",
                  "top": 0,
                  "transform": "translateZ(0)",
                  "transition": "opacity 250ms linear",
                  "width": "100%",
                  "willChange": "opacity",
                }
              }
            />
            <noscript>
              <img
                alt="Twitter"
                data-gatsby-image-ssr=""
                data-main-image=""
                decoding="async"
                loading="lazy"
                onLoad={[Function]}
                sizes="(min-width: 60px) 60px, 100vw"
                src="https://www.datocms-assets.com/23328/1595107438-twitter.png?auto=format&dpr=0.29&w=208"
                srcSet="https://www.datocms-assets.com/23328/1595107438-twitter.png?auto=format&dpr=0.08&w=208 15w,https://www.datocms-assets.com/23328/1595107438-twitter.png?auto=format&dpr=0.15&w=208 30w,https://www.datocms-assets.com/23328/1595107438-twitter.png?auto=format&dpr=0.29&w=208 60w,https://www.datocms-assets.com/23328/1595107438-twitter.png?auto=format&dpr=0.58&w=208 120w"
                style={
                  Object {
                    "backgroundColor": undefined,
                    "height": "100%",
                    "left": 0,
                    "objectFit": undefined,
                    "objectPosition": undefined,
                    "opacity": 0,
                    "position": "absolute",
                    "top": 0,
                    "transform": "translateZ(0)",
                    "transition": "opacity 250ms linear",
                    "width": "100%",
                    "willChange": "opacity",
                  }
                }
              />
            </noscript>
            <script
              dangerouslySetInnerHTML={
                Object {
                  "__html": "const t=\\"undefined\\"!=typeof HTMLImageElement&&\\"loading\\"in HTMLImageElement.prototype;if(t){const t=document.querySelectorAll(\\"img[data-main-image]\\");for(let e of t){e.dataset.src&&(e.setAttribute(\\"src\\",e.dataset.src),e.removeAttribute(\\"data-src\\")),e.dataset.srcset&&(e.setAttribute(\\"srcset\\",e.dataset.srcset),e.removeAttribute(\\"data-srcset\\"));const t=e.parentNode.querySelectorAll(\\"source[data-srcset]\\");for(let e of t)e.setAttribute(\\"srcset\\",e.dataset.srcset),e.removeAttribute(\\"data-srcset\\");e.complete&&(e.style.opacity=1)}}",
                }
              }
              type="module"
            />
          </div>
        </a>
        <a
          className="social grow"
          href="https://www.instagram.com/ljanorwood/"
          rel="noreferrer"
          style={
            Object {
              "cursor": "pointer",
            }
          }
          target="_blank"
        >
          <div
            className="gatsby-image-wrapper gatsby-image-wrapper-constrained"
            data-gatsby-image-wrapper=""
            style={
              Object {
                "backgroundColor": undefined,
                "display": "inline-block",
                "overflow": "hidden",
                "position": "relative",
                "verticalAlign": "top",
              }
            }
          >
            <div
              style={
                Object {
                  "display": "block",
                  "maxWidth": 60,
                }
              }
            >
              <img
                alt=""
                aria-hidden="true"
                role="presentation"
                src="data:image/svg+xml;charset=utf-8,%3Csvg height='57' width='60' xmlns='http://www.w3.org/2000/svg' version='1.1'%3E%3C/svg%3E"
                style={
                  Object {
                    "display": "block",
                    "maxWidth": "100%",
                    "position": "static",
                  }
                }
              />
            </div>
            <div
              aria-hidden={true}
              data-placeholder-image=""
              style={
                Object {
                  "height": "100%",
                  "left": 0,
                  "position": "absolute",
                  "top": 0,
                  "width": "100%",
                }
              }
            />
            <img
              alt="Instagram"
              data-gatsby-image-ssr=""
              data-main-image=""
              data-src="https://www.datocms-assets.com/23328/1595107432-insta.png?auto=format&dpr=0.29&w=207"
              data-srcset="https://www.datocms-assets.com/23328/1595107432-insta.png?auto=format&dpr=0.08&w=207 15w,https://www.datocms-assets.com/23328/1595107432-insta.png?auto=format&dpr=0.15&w=207 30w,https://www.datocms-assets.com/23328/1595107432-insta.png?auto=format&dpr=0.29&w=207 60w,https://www.datocms-assets.com/23328/1595107432-insta.png?auto=format&dpr=0.58&w=207 120w"
              decoding="async"
              loading="lazy"
              onLoad={[Function]}
              sizes="(min-width: 60px) 60px, 100vw"
              style={
                Object {
                  "backgroundColor": undefined,
                  "height": "100%",
                  "left": 0,
                  "objectFit": undefined,
                  "objectPosition": undefined,
                  "opacity": 0,
                  "position": "absolute",
                  "top": 0,
                  "transform": "translateZ(0)",
                  "transition": "opacity 250ms linear",
                  "width": "100%",
                  "willChange": "opacity",
                }
              }
            />
            <noscript>
              <img
                alt="Instagram"
                data-gatsby-image-ssr=""
                data-main-image=""
                decoding="async"
                loading="lazy"
                onLoad={[Function]}
                sizes="(min-width: 60px) 60px, 100vw"
                src="https://www.datocms-assets.com/23328/1595107432-insta.png?auto=format&dpr=0.29&w=207"
                srcSet="https://www.datocms-assets.com/23328/1595107432-insta.png?auto=format&dpr=0.08&w=207 15w,https://www.datocms-assets.com/23328/1595107432-insta.png?auto=format&dpr=0.15&w=207 30w,https://www.datocms-assets.com/23328/1595107432-insta.png?auto=format&dpr=0.29&w=207 60w,https://www.datocms-assets.com/23328/1595107432-insta.png?auto=format&dpr=0.58&w=207 120w"
                style={
                  Object {
                    "backgroundColor": undefined,
                    "height": "100%",
                    "left": 0,
                    "objectFit": undefined,
                    "objectPosition": undefined,
                    "opacity": 0,
                    "position": "absolute",
                    "top": 0,
                    "transform": "translateZ(0)",
                    "transition": "opacity 250ms linear",
                    "width": "100%",
                    "willChange": "opacity",
                  }
                }
              />
            </noscript>
            <script
              dangerouslySetInnerHTML={
                Object {
                  "__html": "const t=\\"undefined\\"!=typeof HTMLImageElement&&\\"loading\\"in HTMLImageElement.prototype;if(t){const t=document.querySelectorAll(\\"img[data-main-image]\\");for(let e of t){e.dataset.src&&(e.setAttribute(\\"src\\",e.dataset.src),e.removeAttribute(\\"data-src\\")),e.dataset.srcset&&(e.setAttribute(\\"srcset\\",e.dataset.srcset),e.removeAttribute(\\"data-srcset\\"));const t=e.parentNode.querySelectorAll(\\"source[data-srcset]\\");for(let e of t)e.setAttribute(\\"srcset\\",e.dataset.srcset),e.removeAttribute(\\"data-srcset\\");e.complete&&(e.style.opacity=1)}}",
                }
              }
              type="module"
            />
          </div>
        </a>
        <a
          className="social grow"
          href="mailto:norwood.lja@gmail.com"
          rel="noreferrer"
          style={
            Object {
              "cursor": "pointer",
            }
          }
          target="_blank"
        >
          <div
            className="gatsby-image-wrapper gatsby-image-wrapper-constrained"
            data-gatsby-image-wrapper=""
            style={
              Object {
                "backgroundColor": undefined,
                "display": "inline-block",
                "overflow": "hidden",
                "position": "relative",
                "verticalAlign": "top",
              }
            }
          >
            <div
              style={
                Object {
                  "display": "block",
                  "maxWidth": 60,
                }
              }
            >
              <img
                alt=""
                aria-hidden="true"
                role="presentation"
                src="data:image/svg+xml;charset=utf-8,%3Csvg height='57' width='60' xmlns='http://www.w3.org/2000/svg' version='1.1'%3E%3C/svg%3E"
                style={
                  Object {
                    "display": "block",
                    "maxWidth": "100%",
                    "position": "static",
                  }
                }
              />
            </div>
            <div
              aria-hidden={true}
              data-placeholder-image=""
              style={
                Object {
                  "height": "100%",
                  "left": 0,
                  "position": "absolute",
                  "top": 0,
                  "width": "100%",
                }
              }
            />
            <img
              alt="Email"
              data-gatsby-image-ssr=""
              data-main-image=""
              data-src="https://www.datocms-assets.com/23328/1595107435-mail.png?auto=format&dpr=0.29&w=208"
              data-srcset="https://www.datocms-assets.com/23328/1595107435-mail.png?auto=format&dpr=0.08&w=208 15w,https://www.datocms-assets.com/23328/1595107435-mail.png?auto=format&dpr=0.15&w=208 30w,https://www.datocms-assets.com/23328/1595107435-mail.png?auto=format&dpr=0.29&w=208 60w,https://www.datocms-assets.com/23328/1595107435-mail.png?auto=format&dpr=0.58&w=208 120w"
              decoding="async"
              loading="lazy"
              onLoad={[Function]}
              sizes="(min-width: 60px) 60px, 100vw"
              style={
                Object {
                  "backgroundColor": undefined,
                  "height": "100%",
                  "left": 0,
                  "objectFit": undefined,
                  "objectPosition": undefined,
                  "opacity": 0,
                  "position": "absolute",
                  "top": 0,
                  "transform": "translateZ(0)",
                  "transition": "opacity 250ms linear",
                  "width": "100%",
                  "willChange": "opacity",
                }
              }
            />
            <noscript>
              <img
                alt="Email"
                data-gatsby-image-ssr=""
                data-main-image=""
                decoding="async"
                loading="lazy"
                onLoad={[Function]}
                sizes="(min-width: 60px) 60px, 100vw"
                src="https://www.datocms-assets.com/23328/1595107435-mail.png?auto=format&dpr=0.29&w=208"
                srcSet="https://www.datocms-assets.com/23328/1595107435-mail.png?auto=format&dpr=0.08&w=208 15w,https://www.datocms-assets.com/23328/1595107435-mail.png?auto=format&dpr=0.15&w=208 30w,https://www.datocms-assets.com/23328/1595107435-mail.png?auto=format&dpr=0.29&w=208 60w,https://www.datocms-assets.com/23328/1595107435-mail.png?auto=format&dpr=0.58&w=208 120w"
                style={
                  Object {
                    "backgroundColor": undefined,
                    "height": "100%",
                    "left": 0,
                    "objectFit": undefined,
                    "objectPosition": undefined,
                    "opacity": 0,
                    "position": "absolute",
                    "top": 0,
                    "transform": "translateZ(0)",
                    "transition": "opacity 250ms linear",
                    "width": "100%",
                    "willChange": "opacity",
                  }
                }
              />
            </noscript>
            <script
              dangerouslySetInnerHTML={
                Object {
                  "__html": "const t=\\"undefined\\"!=typeof HTMLImageElement&&\\"loading\\"in HTMLImageElement.prototype;if(t){const t=document.querySelectorAll(\\"img[data-main-image]\\");for(let e of t){e.dataset.src&&(e.setAttribute(\\"src\\",e.dataset.src),e.removeAttribute(\\"data-src\\")),e.dataset.srcset&&(e.setAttribute(\\"srcset\\",e.dataset.srcset),e.removeAttribute(\\"data-srcset\\"));const t=e.parentNode.querySelectorAll(\\"source[data-srcset]\\");for(let e of t)e.setAttribute(\\"srcset\\",e.dataset.srcset),e.removeAttribute(\\"data-srcset\\");e.complete&&(e.style.opacity=1)}}",
                }
              }
              type="module"
            />
          </div>
        </a>
        <a
          style={
            Object {
              "width": "55px",
            }
          }
        >
          <span
            className="social social--cat grow"
            data-event="click"
            data-for="catGenerator"
            data-tip="true"
            style={
              Object {
                "cursor": "pointer",
              }
            }
          />
        </a>
      </div>
    </div>
  </div>
  <div
    className="container__body"
  >
    <div
      className="container__mobile-header"
    >
      <div
        className="mobile-header"
      >
        <div
          className="mobile-header__menu"
        >
          <a
            href="#"
            onClick={[Function]}
          />
        </div>
        <div
          className="mobile-header__logo"
        >
          <a
            href="/"
          >
            laura norwood
          </a>
        </div>
      </div>
    </div>
  </div>
</div>
`;
